// Jest Snapshot v1, https://goo.gl/fbAQLP

exports[`<App/> Component Renders correctly 1`] = `
<React.Fragment>
  <PageContainer />
</React.Fragment>
`;
