// Jest Snapshot v1, https://goo.gl/fbAQLP

exports[`<FloatingActionButton /> Component Renders correctly 1`] = `
<FloatingActionButton
  classes={
    Object {
      "fab": "FloatingActionButton-fab-1",
    }
  }
/>
`;
