// Jest Snapshot v1, https://goo.gl/fbAQLP

exports[`<MyIconButton /> Component Renders correctly 1`] = `
<MyIconButton
  classes={
    Object {
      "hide": "MyIconButton-hide-1",
      "show": "MyIconButton-show-2",
    }
  }
  hoverId=""
/>
`;
