// Jest Snapshot v1, https://goo.gl/fbAQLP

exports[`<MyTableCell /> Component Renders correctly 1`] = `
<MyTableCell
  classes={
    Object {
      "cell": "MyTableCell-cell-1",
    }
  }
/>
`;
